// Jest Snapshot v1, https://goo.gl/fbAQLP

exports[`App component snapshot renders 1`] = `
<div>
  <nav>
    <a
      href="/"
      onClick={[Function]}
    >
      Home
    </a>
    <a
      href="/formExample"
      onClick={[Function]}
    >
      Components
    </a>
    <a
      href="/profile"
      onClick={[Function]}
    >
      Profile
    </a>
    <a
      onClick={[Function]}
    >
      Logout
    </a>
  </nav>
  <div>
    <div>
      Test
    </div>
  </div>
</div>
`;
